| RAM[0] | RAM[1] | RAM[2] |RAM[256]|RAM[257]|RAM[258]|RAM[259]|RAM[260]|RAM[261]|
|    258 |    101 |    102 |    103 |    104 |      0 |      0 |      0 |      0 |
