|   D    | RAM[0] |RAM[256]|RAM[257]|RAM[258]|
|      0 |    257 |     -5 |      0 |      0 |
