| RAM[0] | RAM[1] | RAM[2] | RAM[3] | RAM[4] | RAM[5] | RAM[6] | RAM[7] |RAM[102]|RAM[103]|RAM[104]|RAM[105]|RAM[106]|RAM[107]|
|    256 |    102 |    103 |    104 |    105 |      5 |      6 |      7 |    102 |    103 |     58 |     57 |     56 |    107 |
