|   D    | RAM[0] |RAM[256]|RAM[257]|RAM[258]|
|     12 |    259 |    256 |      9 |     12 |
