| RAM[0] | RAM[1] | RAM[2] |RAM[257]|RAM[258]|RAM[259]|RAM[260]|RAM[261]|
