|   D    | RAM[0] |RAM[256]|RAM[257]|RAM[258]|
|     -1 |    257 |     -1 |     10 |      0 |
