|   D    | RAM[0] |RAM[256]|RAM[257]|RAM[258]|
|      2 |    258 |      1 |      2 |      0 |
