|   D    | RAM[0] |RAM[256]|RAM[257]|RAM[258]|
|     10 |    257 |     -5 |     10 |      0 |
